[42.10298793f64, -79.7838349f64, 2.60175886f64, 15.31100977f64, -1.51816989f64,
 0.33231584f64, -0.32382814f64, 0.74201471f64]
